// Jest Snapshot v1, https://goo.gl/fbAQLP

exports[`App.tsx App basic render 1`] = `
<div>
  <div
    class="App"
  >
    <header
      class="App-header"
    />
    <main
      class="App-main"
    >
      <section
        class="search-container"
      >
        <div
          class="search-input"
          tabindex="0"
        >
          <input
            type="combobox"
            value=""
          />
        </div>
      </section>
      <section
        class="order-list-container"
      >
        <dl>
          <dl>
            Count: 
          </dl>
          <dl>
            Filter Count: 
          </dl>
        </dl>
        <ul
          class="order-list-body"
        />
      </section>
    </main>
  </div>
</div>
`;
