// Jest Snapshot v1, https://goo.gl/fbAQLP

exports[`dynamicScrollableListHOC test Basic wrapper render 1`] = `
<div
  className="scrollable-wrapper"
>
  <DummyComponent
    holdAppendChild={false}
  />
</div>
`;
